
> hospital-crm@0.1.0 build
> next build

Γû▓ Next.js 16.1.4 (Turbopack)
- Environments: .env

node.exe : ΓÜá The "middleware" file convention 
is deprecated. Please use "proxy" instead. 
Learn more: https://nextjs.org/docs/messages/mid
dleware-to-proxy
At line:1 char:1
+ & "C:\Program Files\nodejs/node.exe" 
"C:\Program Files\nodejs/node_mo ...
+ ~~~~~~~~~~~~~~~~~~~~~~~~~~~~~~~~~~~~~~~~~~~~~~
~~~~~~~~~~~~~~~~~~~~~~~
    + CategoryInfo          : NotSpecified: (ΓÜ 
   á The "middle...leware-to-proxy:String) [],  
   RemoteException
    + FullyQualifiedErrorId : NativeCommandErro 
   r
 
  Creating an optimized production build ...
Γ£ô Compiled successfully in 13.9s
  Running TypeScript ...
Failed to compile.

./actions/auth.ts:68:21
Type error: Object literal may only specify 
known properties, and 'specialization' does not 
exist in type 'Without<DoctorCreateInput, 
DoctorUncheckedCreateInput> & 
DoctorUncheckedCreateInput'.

[0m [90m 66 |[39m                 
data[33m:[39m {
 [90m 67 |[39m                     
userId[33m:[39m 
newUser[33m.[39mid[33m,[39m
[31m[1m>[22m[39m[90m 68 |[39m             
        specialization[33m:[39m 
specialization[33m,[39m
 [90m    |[39m                     
[31m[1m^[22m[39m
 [90m 69 |[39m                     
department[33m:[39m specialization[33m,[39m 
[90m// Use specialization as department[39m
 [90m 70 |[39m                     
qualification[33m:[39m 
[32m""[39m[33m,[39m [90m// Can be updated 
later[39m
 [90m 71 |[39m                     
availability[33m:[39m [32m"{}"[39m [90m// 
Empty JSON, can be set later[39m[0m
Next.js build worker exited with code: 1 and 
signal: null
