app/(dashboard)/admin/doctor-payments/page.tsx(77,51): error TS2322: Type '{ id: string; name: string; email: string; department: string; patientCount: number; prescriptionCount: number; totalPaid: number; paymentCount: number; recentPayments: { recordedAt: string; id: string; ... 6 more ...; recordedBy: string; }[]; }[]' is not assignable to type 'DoctorSummary[]'.
  Type '{ id: string; name: string; email: string; department: string; patientCount: number; prescriptionCount: number; totalPaid: number; paymentCount: number; recentPayments: { recordedAt: string; id: string; ... 6 more ...; recordedBy: string; }[]; }' is not assignable to type 'DoctorSummary'.
    Types of property 'recentPayments' are incompatible.
      Type '{ recordedAt: string; id: string; source: string; amount: number; departmentId: string | null; patientId: string | null; doctorId: string | null; description: string | null; recordedBy: string; }[]' is not assignable to type '{ id: string; amount: number; description: string | null; recordedAt: Date; }[]'.
        Type '{ recordedAt: string; id: string; source: string; amount: number; departmentId: string | null; patientId: string | null; doctorId: string | null; description: string | null; recordedBy: string; }' is not assignable to type '{ id: string; amount: number; description: string | null; recordedAt: Date; }'.
          Types of property 'recordedAt' are incompatible.
            Type 'string' is not assignable to type 'Date'.
